
> client@0.1.0 test
> react-scripts test src/App.test.js

node.exe : [baseline-
browser-mapping] The 
data in this module 
is over two months 
old.  To ensure 
accurate Baseline 
data, please update: 
`npm i baseline-brows
er-mapping@latest -D`
At line:1 char:1
+ & "C:\Program Files
\nodejs/node.exe" "C:
\Users\setti\AppData\
Roaming\ ...
+ ~~~~~~~~~~~~~~~~~~~
~~~~~~~~~~~~~~~~~~~~~
~~~~~~~~~~~~~~~~~~~~~
~~~~~~~~
    + CategoryInfo   
           : NotSpe  
  cified: ([baseli   
 ne-brows...ping@    
latest -D`:Strin    
g) [], RemoteExc    
eption
    + FullyQualified 
   ErrorId : Native  
  CommandError
 
FAIL src/App.test.js
  ΓùÅ Test suite 
failed to run

    Cannot find 
module 
'react-router-dom' 
from 'src/components/
Login.js'

    Require stack:
      src/components/
Login.js
      src/App.js
      src/App.test.js

    [0m [90m  5 
|[39m 
[36mimport[39m { 
yupResolver } 
[36mfrom[39m [32m'
@hookform/resolvers/y
up'[39m[33m;[39m
     [90m  6 |[39m 
[36mimport[39m { 
useEffect[33m,[39m 
useState } 
[36mfrom[39m [32m'
react'[39m[33m;[39
m
    [31m[1m>[22m[
39m[90m  7 |[39m 
[36mimport[39m { 
[33mLink[39m } 
[36mfrom[39m [32m'
react-router-dom'[39
m[33m;[39m
     [90m    |[39m 
[31m[1m^[22m[39m
     [90m  8 |[39m 
[36mimport[39m { 
getUser } 
[36mfrom[39m [32m'
../features/UserSlice
'[39m[33m;[39m
     [90m  9 |[39m 
[36mimport[39m { us
eDispatch[33m,[39m 
useSelector } 
[36mfrom[39m [32m'
react-redux'[39m[33
m;[39m
     [90m 10 |[39m 
[36mimport[39m { 
useNavigate } 
[36mfrom[39m [32m'
react-router-dom'[39
m[33m;[39m[0m

      at Resolver.res
olveModule (node_modu
les/jest-resolve/buil
d/resolver.js:324:11)
      at 
Object.<anonymous> (s
rc/components/Login.j
s:7:1)
      at 
Object.<anonymous> 
(src/App.js:2:1)
      at 
Object.<anonymous> 
(src/App.test.js:2:1)
      at TestSchedule
r.scheduleTests (node
_modules/@jest/core/b
uild/TestScheduler.js
:333:13)
      at runJest (nod
e_modules/@jest/core/
build/runJest.js:404:
19)
      at _run10000 (n
ode_modules/@jest/cor
e/build/cli/index.js:
320:7)
      at runCLI (node
_modules/@jest/core/b
uild/cli/index.js:173
:3)

Test Suites: 1 
failed, 1 total
Tests:       0 total
Snapshots:   0 total
Time:        1.774 s
Ran all test suites 
matching 
/src\\App.test.js/i.
